// Jest Snapshot v1, https://goo.gl/fbAQLP

exports[`<MediaWrapper /> should adopt the "spacing" prop 1`] = `
<div
  className="MediaWrapper-lbIpbM gvbpwH"
  spacing="10px"
/>
`;

exports[`<MediaWrapper /> should render and match the snapshot 1`] = `
<div
  className="MediaWrapper-lbIpbM fNYbie"
  spacing="0"
/>
`;
